
> dev
> npm run development


> development
> mix

i Compiling Mix
npm : DEPRECATION WARNING 
[legacy-js-api]: The legacy JS API 
is deprecated and will be removed in 
Dart Sass 2.0.0.
At line:1 char:1
+ npm run dev > build_error.log 2>&1
+ ~~~~~~~~~~~~~~~~~~~~~~~~~~~~~~~~~~
    + CategoryInfo          : NotSpe 
   cified: (DEPRECATION WAR...art S  
  ass 2.0.0.:String) [], RemoteExc   
 eption
    + FullyQualifiedErrorId : Native 
   CommandError
 

More info: 
https://sass-lang.com/d/legacy-js-api

DEPRECATION WARNING [import]: Sass 
@import rules are deprecated and 
will be removed in Dart Sass 3.0.0.

More info and automated migrator: 
https://sass-lang.com/d/import

  Γò╖
5 Γöé @import 'variables';
  Γöé         ^^^^^^^^^^^
  Γò╡
    resources\sass\app.scss 5:9  
root stylesheet

DEPRECATION WARNING [import]: Sass 
@import rules are deprecated and 
will be removed in Dart Sass 3.0.0.

More info and automated migrator: 
https://sass-lang.com/d/import

  Γò╖
8 Γöé @import 
'~bootstrap/scss/bootstrap';
  Γöé         
^^^^^^^^^^^^^^^^^^^^^^^^^^^
  Γò╡
    resources\sass\app.scss 8:9  
root stylesheet

DEPRECATION WARNING [import]: Sass 
@import rules are deprecated and 
will be removed in Dart Sass 3.0.0.

More info and automated migrator: 
https://sass-lang.com/d/import

  Γò╖
1 Γöé @import "mixins/banner";
  Γöé         ^^^^^^^^^^^^^^^
  Γò╡
    node_modules\bootstrap\scss\boots
trap.scss 1:9  @import
    resources\sass\app.scss 8:9      
               root stylesheet

DEPRECATION WARNING [import]: Sass 
@import rules are deprecated and 
will be removed in Dart Sass 3.0.0.

More info and automated migrator: 
https://sass-lang.com/d/import

  Γò╖
7 Γöé @import "functions";
  Γöé         ^^^^^^^^^^^
  Γò╡
    node_modules\bootstrap\scss\boots
trap.scss 7:9  @import
    resources\sass\app.scss 8:9      
               root stylesheet

DEPRECATION WARNING [import]: Sass 
@import rules are deprecated and 
will be removed in Dart Sass 3.0.0.

More info and automated migrator: 
https://sass-lang.com/d/import

  Γò╖
8 Γöé @import "variables";
  Γöé         ^^^^^^^^^^^
  Γò╡
    node_modules\bootstrap\scss\boots
trap.scss 8:9  @import
    resources\sass\app.scss 8:9      
               root stylesheet

DEPRECATION WARNING [if-function]: 
The Sass if() syntax is deprecated 
in favor of the modern CSS syntax.

Suggestion: if(sass($arg == 
"$value"): $value; else: $arg)

More info: 
https://sass-lang.com/d/if-function

   Γò╖
58 Γöé       $_args: append($_args, 
if($arg == "$key", $key, if($arg == 
"$value", $value, $arg)));
   Γöé                               
                        
^^^^^^^^^^^^^^^^^^^^^^^^^^^^^^^^^^
   Γò╡
    node_modules\bootstrap\scss\_func
tions.scss 58:55  @import
    node_modules\bootstrap\scss\boots
trap.scss 7:9     @import
    resources\sass\app.scss 8:9      
                  root stylesheet

DEPRECATION WARNING [if-function]: 
The Sass if() syntax is deprecated 
in favor of the modern CSS syntax.

Suggestion: if(sass($arg == "$key"): 
$key; else: if($arg == "$value", 
$value, $arg))

More info: 
https://sass-lang.com/d/if-function

   Γò╖
58 Γöé       $_args: append($_args, 
if($arg == "$key", $key, if($arg == 
"$value", $value, $arg)));
   Γöé                              ^
^^^^^^^^^^^^^^^^^^^^^^^^^^^^^^^^^^^^^
^^^^^^^^^^^^^^^^^^^^^^
   Γò╡
    node_modules\bootstrap\scss\_func
tions.scss 58:30  @import
    node_modules\bootstrap\scss\boots
trap.scss 7:9     @import
    resources\sass\app.scss 8:9      
                  root stylesheet

DEPRECATION WARNING [if-function]: 
The Sass if() syntax is deprecated 
in favor of the modern CSS syntax.

Suggestion: if(sass($l1 > $l2): 
divide($l1 + 0.05, $l2 + 0.05); 
else: divide($l2 + 0.05, $l1 + 0.05))

More info: 
https://sass-lang.com/d/if-function

    Γò╖
177 Γöé   @return if($l1 > $l2, 
divide($l1 + .05, $l2 + .05), 
divide($l2 + .05, $l1 + .05));
    Γöé           ^^^^^^^^^^^^^^^^^^^
^^^^^^^^^^^^^^^^^^^^^^^^^^^^^^^^^^^^^
^^^^^^^^^^^^^^^^^
    Γò╡
    node_modules\bootstrap\scss\_func
tions.scss 177:11  @import
    node_modules\bootstrap\scss\boots
trap.scss 7:9      @import
    resources\sass\app.scss 8:9      
                   root stylesheet

DEPRECATION WARNING [if-function]: 
The Sass if() syntax is deprecated 
in favor of the modern CSS syntax.

Suggestion: if(sass(divide($value, 
255) < 0.04045): 
divide(divide($value, 255), 12.92); 
else: nth($_luminance-list, $value + 
1))

More info: 
https://sass-lang.com/d/if-function

    Γò╖
191 Γöé     $value: 
if(divide($value, 255) < .04045, 
divide(divide($value, 255), 12.92), 
nth($_luminance-list, $value + 1));
    Γöé             ^^^^^^^^^^^^^^^^^
^^^^^^^^^^^^^^^^^^^^^^^^^^^^^^^^^^^^^
^^^^^^^^^^^^^^^^^^^^^^^^^^^^^^^^^^^^^
^^^^^^^^^^^^
    Γò╡
    node_modules\bootstrap\scss\_func
tions.scss 191:13  @import
    node_modules\bootstrap\scss\boots
trap.scss 7:9      @import
    resources\sass\app.scss 8:9      
                   root stylesheet

DEPRECATION WARNING [if-function]: 
The Sass if() syntax is deprecated 
in favor of the modern CSS syntax.

Suggestion: if(sass($weight > 0): 
shade-color($color, $weight); else: 
tint-color($color, -$weight))

More info: 
https://sass-lang.com/d/if-function

    Γò╖
217 Γöé   @return if($weight > 0, 
shade-color($color, $weight), 
tint-color($color, -$weight));
    Γöé           ^^^^^^^^^^^^^^^^^^^
^^^^^^^^^^^^^^^^^^^^^^^^^^^^^^^^^^^^^
^^^^^^^^^^^^^^^^^^^
    Γò╡
    node_modules\bootstrap\scss\_func
tions.scss 217:11  @import
    node_modules\bootstrap\scss\boots
trap.scss 7:9      @import
    resources\sass\app.scss 8:9      
                   root stylesheet

DEPRECATION WARNING 
[global-builtin]: Global built-in 
functions are deprecated and will be 
removed in Dart Sass 3.0.0.
Use color.mix instead.

More info and automated migrator: 
https://sass-lang.com/d/import

    Γò╖
207 Γöé   @return mix(white, $color, 
$weight);
    Γöé           
^^^^^^^^^^^^^^^^^^^^^^^^^^^
    Γò╡
    node_modules\bootstrap\scss\_func
tions.scss 207:11  tint-color()
    node_modules\bootstrap\scss\_vari
ables.scss 79:12   @import
    node_modules\bootstrap\scss\boots
trap.scss 8:9      @import
    resources\sass\app.scss 8:9      
                   root stylesheet

DEPRECATION WARNING 
[global-builtin]: Global built-in 
functions are deprecated and will be 
removed in Dart Sass 3.0.0.
Use color.mix instead.

More info and automated migrator: 
https://sass-lang.com/d/import

    Γò╖
212 Γöé   @return mix(black, $color, 
$weight);
    Γöé           
^^^^^^^^^^^^^^^^^^^^^^^^^^^
    Γò╡
    node_modules\bootstrap\scss\_func
tions.scss 212:11  shade-color()
    node_modules\bootstrap\scss\_vari
ables.scss 84:12   @import
    node_modules\bootstrap\scss\boots
trap.scss 8:9      @import
    resources\sass\app.scss 8:9      
                   root stylesheet

DEPRECATION WARNING 
[global-builtin]: Global built-in 
functions are deprecated and will be 
removed in Dart Sass 3.0.0.
Use color.mix instead.

More info and automated migrator: 
https://sass-lang.com/d/import

    Γò╖
342 Γöé $light-bg-subtle:         
mix($gray-100, $white) !default;
    Γöé                           
^^^^^^^^^^^^^^^^^^^^^^
    Γò╡
    node_modules\bootstrap\scss\_vari
ables.scss 342:27  @import
    node_modules\bootstrap\scss\boots
trap.scss 8:9      @import
    resources\sass\app.scss 8:9      
                   root stylesheet

DEPRECATION WARNING 
[global-builtin]: Global built-in 
functions are deprecated and will be 
removed in Dart Sass 3.0.0.
Use math.unit instead.

More info and automated migrator: 
https://sass-lang.com/d/import

   Γò╖
11 Γöé     @if $prev-num == null or 
unit($num) == "%" or unit($prev-num) 
== "%" {
   Γöé                              
^^^^^^^^^^
   Γò╡
    node_modules\bootstrap\scss\_func
tions.scss 11:30  -assert-ascending()
    node_modules\bootstrap\scss\_vari
ables.scss 494:1  @import
    node_modules\bootstrap\scss\boots
trap.scss 8:9     @import
    resources\sass\app.scss 8:9      
                  root stylesheet

DEPRECATION WARNING 
[global-builtin]: Global built-in 
functions are deprecated and will be 
removed in Dart Sass 3.0.0.
Use math.unit instead.

More info and automated migrator: 
https://sass-lang.com/d/import

   Γò╖
11 Γöé     @if $prev-num == null or 
unit($num) == "%" or unit($prev-num) 
== "%" {
   Γöé                               
                    ^^^^^^^^^^^^^^^
   Γò╡
    node_modules\bootstrap\scss\_func
tions.scss 11:51  -assert-ascending()
    node_modules\bootstrap\scss\_vari
ables.scss 494:1  @import
    node_modules\bootstrap\scss\boots
trap.scss 8:9     @import
    resources\sass\app.scss 8:9      
                  root stylesheet

DEPRECATION WARNING 
[color-functions]: red() is 
deprecated. Suggestion:

color.channel($color, "red", $space: 
rgb)

More info: https://sass-lang.com/d/co
lor-functions

    Γò╖
185 Γöé     "r": red($color),
    Γöé          ^^^^^^^^^^^
    Γò╡
    node_modules\bootstrap\scss\_func
tions.scss 185:10  luminance()
    node_modules\bootstrap\scss\_func
tions.scss 174:8   contrast-ratio()
    node_modules\bootstrap\scss\_func
tions.scss 159:22  color-contrast()
    node_modules\bootstrap\scss\_vari
ables.scss 846:42  @import
    node_modules\bootstrap\scss\boots
trap.scss 8:9      @import
    resources\sass\app.scss 8:9      
                   root stylesheet

DEPRECATION WARNING 
[color-functions]: green() is 
deprecated. Suggestion:

color.channel($color, "green", 
$space: rgb)

More info: https://sass-lang.com/d/co
lor-functions

    Γò╖
186 Γöé     "g": green($color),
    Γöé          ^^^^^^^^^^^^^
    Γò╡
    node_modules\bootstrap\scss\_func
tions.scss 186:10  luminance()
    node_modules\bootstrap\scss\_func
tions.scss 174:8   contrast-ratio()
    node_modules\bootstrap\scss\_func
tions.scss 159:22  color-contrast()
    node_modules\bootstrap\scss\_vari
ables.scss 846:42  @import
    node_modules\bootstrap\scss\boots
trap.scss 8:9      @import
    resources\sass\app.scss 8:9      
                   root stylesheet

DEPRECATION WARNING 
[color-functions]: blue() is 
deprecated. Suggestion:

color.channel($color, "blue", 
$space: rgb)

More info: https://sass-lang.com/d/co
lor-functions

    Γò╖
187 Γöé     "b": blue($color)
    Γöé          ^^^^^^^^^^^^
    Γò╡
    node_modules\bootstrap\scss\_func
tions.scss 187:10  luminance()
    node_modules\bootstrap\scss\_func
tions.scss 174:8   contrast-ratio()
    node_modules\bootstrap\scss\_func
tions.scss 159:22  color-contrast()
    node_modules\bootstrap\scss\_vari
ables.scss 846:42  @import
    node_modules\bootstrap\scss\boots
trap.scss 8:9      @import
    resources\sass\app.scss 8:9      
                   root stylesheet

DEPRECATION WARNING 
[color-functions]: red() is 
deprecated. Suggestion:

color.channel($color, "red", $space: 
rgb)

More info: https://sass-lang.com/d/co
lor-functions

   Γò╖
37 Γöé   @return red($value), 
green($value), blue($value);
   Γöé           ^^^^^^^^^^^
   Γò╡
    node_modules\bootstrap\scss\_func
tions.scss 37:11   to-rgb()
    node_modules\bootstrap\scss\_vari
ables.scss 846:31  @import
    node_modules\bootstrap\scss\boots
trap.scss 8:9      @import
    resources\sass\app.scss 8:9      
                   root stylesheet

DEPRECATION WARNING 
[color-functions]: green() is 
deprecated. Suggestion:

color.channel($color, "green", 
$space: rgb)

More info: https://sass-lang.com/d/co
lor-functions

   Γò╖
37 Γöé   @return red($value), 
green($value), blue($value);
   Γöé                        
^^^^^^^^^^^^^
   Γò╡
    node_modules\bootstrap\scss\_func
tions.scss 37:24   to-rgb()
    node_modules\bootstrap\scss\_vari
ables.scss 846:31  @import
    node_modules\bootstrap\scss\boots
trap.scss 8:9      @import
    resources\sass\app.scss 8:9      
                   root stylesheet

WARNING: 312 repetitive deprecation 
warnings omitted.

ΓêÜ Mix: Compiled with some errors in 14.02s
[1m[31mERROR[39m[22m in [1m./resources/css/app.css[39m[22m
[1mModule build [1m[31mfailed[39m[22m[1m (from ./node_modules/mini-css-extract-plugin/dist/loader.js):
ModuleBuildError: Module build [1m[31mfailed[39m[22m[1m (from ./node_modules/postcss-loader/dist/cjs.js):
[1m[31mError[39m[22m[1m: It looks like you're trying to use `tailwindcss` directly as a PostCSS plugin. The PostCSS plugin has moved to a separate package, so to continue using Tailwind CSS with PostCSS you'll need to install `@tailwindcss/postcss` and update your PostCSS configuration.
    at lt (C:\Users\onyed\Documents\Coding\alumni\node_modules\tailwindcss\dist\lib.js:38:1643)
    at LazyResult.runOnRoot (C:\Users\onyed\Documents\Coding\alumni\node_modules\postcss\lib\lazy-result.js:361:16)
    at LazyResult.runAsync (C:\Users\onyed\Documents\Coding\alumni\node_modules\postcss\lib\lazy-result.js:290:26)
    at LazyResult.async (C:\Users\onyed\Documents\Coding\alumni\node_modules\postcss\lib\lazy-result.js:192:30)
    at LazyResult.then (C:\Users\onyed\Documents\Coding\alumni\node_modules\postcss\lib\lazy-result.js:436:17)
    at processResult (C:\Users\onyed\Documents\Coding\alumni\node_modules\webpack\lib\NormalModule.js:940:19)
    at C:\Users\onyed\Documents\Coding\alumni\node_modules\webpack\lib\NormalModule.js:1141:5
    at C:\Users\onyed\Documents\Coding\alumni\node_modules\loader-runner\lib\LoaderRunner.js:499:11
    at runSyncOrAsyncCallback (C:\Users\onyed\Documents\Coding\alumni\node_modules\loader-runner\lib\LoaderRunner.js:259:19)
    at innerCallback (C:\Users\onyed\Documents\Coding\alumni\node_modules\loader-runner\lib\LoaderRunner.js:175:13)
    at Object.loader (C:\Users\onyed\Documents\Coding\alumni\node_modules\postcss-loader\dist\index.js:142:7)[39m[22m

[1m[31m1 ERROR in child compilations (Use 'stats.children: true' resp. '--stats-children' for more details)[39m[22m
webpack compiled with [1m[31m2 errors[39m[22m
